###############################################################################
#
# IAR ELF Linker V8.40.1.212/W32 for ARM                  08/Mar/2024  16:35:00
# Copyright 2007-2019 IAR Systems AB.
#
#    Output file  =  F:\New Folder\tp-button\EWARM\tp-button\Exe\tp-button.out
#    Map file     =  F:\New Folder\tp-button\EWARM\tp-button\List\tp-button.map
#    Command line =
#        -f C:\Users\Sinda\AppData\Local\Temp\EWE4B8.tmp ("F:\New
#        Folder\tp-button\EWARM\tp-button\Obj\main.o" "F:\New
#        Folder\tp-button\EWARM\tp-button\Obj\startup_stm32l475xx.o" "F:\New
#        Folder\tp-button\EWARM\tp-button\Obj\stm32l4xx_hal.o" "F:\New
#        Folder\tp-button\EWARM\tp-button\Obj\stm32l4xx_hal_cortex.o" "F:\New
#        Folder\tp-button\EWARM\tp-button\Obj\stm32l4xx_hal_dfsdm.o" "F:\New
#        Folder\tp-button\EWARM\tp-button\Obj\stm32l4xx_hal_dma.o" "F:\New
#        Folder\tp-button\EWARM\tp-button\Obj\stm32l4xx_hal_dma_ex.o" "F:\New
#        Folder\tp-button\EWARM\tp-button\Obj\stm32l4xx_hal_exti.o" "F:\New
#        Folder\tp-button\EWARM\tp-button\Obj\stm32l4xx_hal_flash.o" "F:\New
#        Folder\tp-button\EWARM\tp-button\Obj\stm32l4xx_hal_flash_ex.o" "F:\New
#        Folder\tp-button\EWARM\tp-button\Obj\stm32l4xx_hal_flash_ramfunc.o"
#        "F:\New Folder\tp-button\EWARM\tp-button\Obj\stm32l4xx_hal_gpio.o"
#        "F:\New Folder\tp-button\EWARM\tp-button\Obj\stm32l4xx_hal_i2c.o"
#        "F:\New Folder\tp-button\EWARM\tp-button\Obj\stm32l4xx_hal_i2c_ex.o"
#        "F:\New Folder\tp-button\EWARM\tp-button\Obj\stm32l4xx_hal_msp.o"
#        "F:\New Folder\tp-button\EWARM\tp-button\Obj\stm32l4xx_hal_pcd.o"
#        "F:\New Folder\tp-button\EWARM\tp-button\Obj\stm32l4xx_hal_pcd_ex.o"
#        "F:\New Folder\tp-button\EWARM\tp-button\Obj\stm32l4xx_hal_pwr.o"
#        "F:\New Folder\tp-button\EWARM\tp-button\Obj\stm32l4xx_hal_pwr_ex.o"
#        "F:\New Folder\tp-button\EWARM\tp-button\Obj\stm32l4xx_hal_qspi.o"
#        "F:\New Folder\tp-button\EWARM\tp-button\Obj\stm32l4xx_hal_rcc.o"
#        "F:\New Folder\tp-button\EWARM\tp-button\Obj\stm32l4xx_hal_rcc_ex.o"
#        "F:\New Folder\tp-button\EWARM\tp-button\Obj\stm32l4xx_hal_spi.o"
#        "F:\New Folder\tp-button\EWARM\tp-button\Obj\stm32l4xx_hal_spi_ex.o"
#        "F:\New Folder\tp-button\EWARM\tp-button\Obj\stm32l4xx_hal_tim.o"
#        "F:\New Folder\tp-button\EWARM\tp-button\Obj\stm32l4xx_hal_tim_ex.o"
#        "F:\New Folder\tp-button\EWARM\tp-button\Obj\stm32l4xx_hal_uart.o"
#        "F:\New Folder\tp-button\EWARM\tp-button\Obj\stm32l4xx_hal_uart_ex.o"
#        "F:\New Folder\tp-button\EWARM\tp-button\Obj\stm32l4xx_it.o" "F:\New
#        Folder\tp-button\EWARM\tp-button\Obj\stm32l4xx_ll_usb.o" "F:\New
#        Folder\tp-button\EWARM\tp-button\Obj\system_stm32l4xx.o"
#        --no_out_extension -o "F:\New
#        Folder\tp-button\EWARM\tp-button\Exe\tp-button.out" --redirect
#        _Printf=_PrintfFullNoMb --redirect _Scanf=_ScanfFullNoMb --map "F:\New
#        Folder\tp-button\EWARM\tp-button\List\tp-button.map" --config "F:\New
#        Folder\tp-button\EWARM/stm32l475xx_flash.icf" --semihosting --entry
#        __iar_program_start --vfe --text_out locale)
#
###############################################################################

*******************************************************************************
*** RUNTIME MODEL ATTRIBUTES
***

CppFlavor       = *
__SystemLibrary = DLib
__dlib_version  = 6


*******************************************************************************
*** HEAP SELECTION
***

The basic heap was selected because no calls to memory allocation
functions were found in the application outside of system library
functions, and there are calls to deallocation functions in the
application.


*******************************************************************************
*** PLACEMENT SUMMARY
***

"A0":  place at address 0x800'0000 { ro section .intvec };
"P1":  place in [from 0x800'0000 to 0x80f'ffff] { ro };
define block CSTACK with size = 1K, alignment = 8 { };
define block HEAP with size = 512, alignment = 8 { };
"P2":  place in [from 0x2000'0000 to 0x2001'7fff] {
          rw, block CSTACK, block HEAP };
"P3":  place in [from 0x2000'0000 to 0x2001'7fff] { };
initialize by copy { rw };

  Section            Kind         Address    Size  Object
  -------            ----         -------    ----  ------
"A0":                                       0x188
  .intvec            ro code   0x800'0000   0x188  startup_stm32l475xx.o [1]
                             - 0x800'0188   0x188

"P1":                                      0x2c78
  .text              ro code   0x800'0188   0x6ec  stm32l4xx_hal_rcc.o [1]
  .text              ro code   0x800'0874    0x44  stm32l4xx_hal.o [1]
  .text              ro code   0x800'08b8     0xc  stm32l4xx_hal.o [1]
  .text              ro code   0x800'08c4    0x98  stm32l4xx_hal_pwr_ex.o [1]
  .text              ro code   0x800'095c    0xc4  stm32l4xx_hal_cortex.o [1]
  .text              ro code   0x800'0a20   0x550  stm32l4xx_hal_rcc_ex.o [1]
  .text              ro code   0x800'0f70   0x520  main.o [1]
  .text              ro code   0x800'1490    0x1e  stm32l4xx_hal.o [1]
  .text              ro code   0x800'14ae    0x3a  zero_init3.o [4]
  .text              ro code   0x800'14e8   0x218  stm32l4xx_hal_gpio.o [1]
  .text              ro code   0x800'1700   0x154  stm32l4xx_hal_dfsdm.o [1]
  .text              ro code   0x800'1854    0xb0  stm32l4xx_hal_i2c.o [1]
  .text              ro code   0x800'1904    0x7e  stm32l4xx_hal_i2c_ex.o [1]
  .text              ro code   0x800'1982    0x2e  copy_init3.o [4]
  .text              ro code   0x800'19b0    0xf6  stm32l4xx_hal_qspi.o [1]
  .text              ro code   0x800'1aa8    0xae  stm32l4xx_hal_spi.o [1]
  .text              ro code   0x800'1b58   0x10c  stm32l4xx_hal_tim.o [1]
  .text              ro code   0x800'1c64    0x94  stm32l4xx_hal_tim_ex.o [1]
  .text              ro code   0x800'1cf8    0xdc  stm32l4xx_hal_pcd.o [1]
  .text              ro code   0x800'1dd4   0x4e2  stm32l4xx_hal_uart.o [1]
  .text              ro code   0x800'22b6    0x14  memset.o [4]
  .text              ro code   0x800'22cc    0x10  stm32l4xx_hal_pwr.o [1]
  .text              ro code   0x800'22dc    0x28  stm32l4xx_hal.o [1]
  .text              ro code   0x800'2304   0x3b0  stm32l4xx_hal_msp.o [1]
  .text              ro code   0x800'26b4   0x278  stm32l4xx_ll_usb.o [1]
  .text              ro code   0x800'292c    0x26  stm32l4xx_hal_pcd_ex.o [1]
  .text              ro code   0x800'2954    0x18  ABImemcpy_small.o [4]
  .text              ro code   0x800'296c   0x106  I64DivMod_small.o [4]
  .text              ro code   0x800'2a74    0x66  ABImemset.o [4]
  .text              ro code   0x800'2adc     0x2  I64DivZer.o [4]
  .text              ro code   0x800'2ade    0x62  stm32l4xx_it.o [1]
  .text              ro code   0x800'2b40    0x10  stm32l4xx_hal.o [1]
  .text              ro code   0x800'2b50    0x5c  system_stm32l4xx.o [1]
  .rodata            const     0x800'2bac    0x30  system_stm32l4xx.o [1]
  .text              ro code   0x800'2bdc    0x28  data_init.o [4]
  .text              ro code   0x800'2c04    0x22  fpinit_M.o [3]
  .iar.init_table    const     0x800'2c28    0x24  - Linker created -
  .text              ro code   0x800'2c4c    0x1e  cmain.o [4]
  .text              ro code   0x800'2c6a     0x4  low_level_init.o [2]
  .text              ro code   0x800'2c6e     0x4  exit.o [2]
  .text              ro code   0x800'2c74     0xa  cexit.o [4]
  .text              ro code   0x800'2c80    0x14  exit.o [5]
  .text              ro code   0x800'2c94    0x10  startup_stm32l475xx.o [1]
  Initializer bytes  const     0x800'2ca4    0x10  <for P2-P3-1>
  .text              ro code   0x800'2cb4     0xc  cstartup_M.o [4]
  .rodata            const     0x800'2cc0     0x8  system_stm32l4xx.o [1]
  .text              ro code   0x800'2cc8     0x4  startup_stm32l475xx.o [1]
  .text              ro code   0x800'2ccc     0x4  startup_stm32l475xx.o [1]
  .text              ro code   0x800'2cd0     0x4  startup_stm32l475xx.o [1]
  .text              ro code   0x800'2cd4     0x4  startup_stm32l475xx.o [1]
  .text              ro code   0x800'2cd8     0x4  startup_stm32l475xx.o [1]
  .text              ro code   0x800'2cdc     0x4  startup_stm32l475xx.o [1]
  .text              ro code   0x800'2ce0     0x4  startup_stm32l475xx.o [1]
  .text              ro code   0x800'2ce4     0x4  startup_stm32l475xx.o [1]
  .text              ro code   0x800'2ce8     0x4  startup_stm32l475xx.o [1]
  .text              ro code   0x800'2cec     0x4  startup_stm32l475xx.o [1]
  .text              ro code   0x800'2cf0     0x4  startup_stm32l475xx.o [1]
  .text              ro code   0x800'2cf4     0x4  startup_stm32l475xx.o [1]
  .text              ro code   0x800'2cf8     0x4  startup_stm32l475xx.o [1]
  .text              ro code   0x800'2cfc     0x4  startup_stm32l475xx.o [1]
  .text              ro code   0x800'2d00     0x4  startup_stm32l475xx.o [1]
  .text              ro code   0x800'2d04     0x4  startup_stm32l475xx.o [1]
  .text              ro code   0x800'2d08     0x4  startup_stm32l475xx.o [1]
  .text              ro code   0x800'2d0c     0x4  startup_stm32l475xx.o [1]
  .text              ro code   0x800'2d10     0x4  startup_stm32l475xx.o [1]
  .text              ro code   0x800'2d14     0x4  startup_stm32l475xx.o [1]
  .text              ro code   0x800'2d18     0x4  startup_stm32l475xx.o [1]
  .text              ro code   0x800'2d1c     0x4  startup_stm32l475xx.o [1]
  .text              ro code   0x800'2d20     0x4  startup_stm32l475xx.o [1]
  .text              ro code   0x800'2d24     0x4  startup_stm32l475xx.o [1]
  .text              ro code   0x800'2d28     0x4  startup_stm32l475xx.o [1]
  .text              ro code   0x800'2d2c     0x4  startup_stm32l475xx.o [1]
  .text              ro code   0x800'2d30     0x4  startup_stm32l475xx.o [1]
  .text              ro code   0x800'2d34     0x4  startup_stm32l475xx.o [1]
  .text              ro code   0x800'2d38     0x4  startup_stm32l475xx.o [1]
  .text              ro code   0x800'2d3c     0x4  startup_stm32l475xx.o [1]
  .text              ro code   0x800'2d40     0x4  startup_stm32l475xx.o [1]
  .text              ro code   0x800'2d44     0x4  startup_stm32l475xx.o [1]
  .text              ro code   0x800'2d48     0x4  startup_stm32l475xx.o [1]
  .text              ro code   0x800'2d4c     0x4  startup_stm32l475xx.o [1]
  .text              ro code   0x800'2d50     0x4  startup_stm32l475xx.o [1]
  .text              ro code   0x800'2d54     0x4  startup_stm32l475xx.o [1]
  .text              ro code   0x800'2d58     0x4  startup_stm32l475xx.o [1]
  .text              ro code   0x800'2d5c     0x4  startup_stm32l475xx.o [1]
  .text              ro code   0x800'2d60     0x4  startup_stm32l475xx.o [1]
  .text              ro code   0x800'2d64     0x4  startup_stm32l475xx.o [1]
  .text              ro code   0x800'2d68     0x4  startup_stm32l475xx.o [1]
  .text              ro code   0x800'2d6c     0x4  startup_stm32l475xx.o [1]
  .text              ro code   0x800'2d70     0x4  startup_stm32l475xx.o [1]
  .text              ro code   0x800'2d74     0x4  startup_stm32l475xx.o [1]
  .text              ro code   0x800'2d78     0x4  startup_stm32l475xx.o [1]
  .text              ro code   0x800'2d7c     0x4  startup_stm32l475xx.o [1]
  .text              ro code   0x800'2d80     0x4  startup_stm32l475xx.o [1]
  .text              ro code   0x800'2d84     0x4  startup_stm32l475xx.o [1]
  .text              ro code   0x800'2d88     0x4  startup_stm32l475xx.o [1]
  .text              ro code   0x800'2d8c     0x4  startup_stm32l475xx.o [1]
  .text              ro code   0x800'2d90     0x4  startup_stm32l475xx.o [1]
  .text              ro code   0x800'2d94     0x4  startup_stm32l475xx.o [1]
  .text              ro code   0x800'2d98     0x4  startup_stm32l475xx.o [1]
  .text              ro code   0x800'2d9c     0x4  startup_stm32l475xx.o [1]
  .text              ro code   0x800'2da0     0x4  startup_stm32l475xx.o [1]
  .text              ro code   0x800'2da4     0x4  startup_stm32l475xx.o [1]
  .text              ro code   0x800'2da8     0x4  startup_stm32l475xx.o [1]
  .text              ro code   0x800'2dac     0x4  startup_stm32l475xx.o [1]
  .text              ro code   0x800'2db0     0x4  startup_stm32l475xx.o [1]
  .text              ro code   0x800'2db4     0x4  startup_stm32l475xx.o [1]
  .text              ro code   0x800'2db8     0x4  startup_stm32l475xx.o [1]
  .text              ro code   0x800'2dbc     0x4  startup_stm32l475xx.o [1]
  .text              ro code   0x800'2dc0     0x4  startup_stm32l475xx.o [1]
  .text              ro code   0x800'2dc4     0x4  startup_stm32l475xx.o [1]
  .text              ro code   0x800'2dc8     0x4  startup_stm32l475xx.o [1]
  .text              ro code   0x800'2dcc     0x4  startup_stm32l475xx.o [1]
  .text              ro code   0x800'2dd0     0x4  startup_stm32l475xx.o [1]
  .text              ro code   0x800'2dd4     0x4  startup_stm32l475xx.o [1]
  .text              ro code   0x800'2dd8     0x4  startup_stm32l475xx.o [1]
  .text              ro code   0x800'2ddc     0x4  startup_stm32l475xx.o [1]
  .text              ro code   0x800'2de0     0x4  startup_stm32l475xx.o [1]
  .text              ro code   0x800'2de4     0x4  startup_stm32l475xx.o [1]
  .text              ro code   0x800'2de8     0x4  startup_stm32l475xx.o [1]
  .text              ro code   0x800'2dec     0x4  startup_stm32l475xx.o [1]
  .text              ro code   0x800'2df0     0x4  startup_stm32l475xx.o [1]
  .text              ro code   0x800'2df4     0x4  startup_stm32l475xx.o [1]
  .text              ro code   0x800'2df8     0x4  startup_stm32l475xx.o [1]
  .text              ro code   0x800'2dfc     0x4  startup_stm32l475xx.o [1]
  .rodata            const     0x800'2e00     0x0  zero_init3.o [4]
  .rodata            const     0x800'2e00     0x0  copy_init3.o [4]
                             - 0x800'2e00  0x2c78

"P2-P3", part 1 of 3:                        0x10
  P2-P3-1                     0x2000'0000    0x10  <Init block>
    .data            inited   0x2000'0000     0xc  stm32l4xx_hal.o [1]
    .data            inited   0x2000'000c     0x4  system_stm32l4xx.o [1]
                            - 0x2000'0010    0x10

"P2-P3", part 2 of 3:                       0x69c
  .bss               zero     0x2000'0010   0x674  main.o [1]
  .bss               zero     0x2000'0684    0x24  stm32l4xx_hal_dfsdm.o [1]
  .bss               zero     0x2000'06a8     0x4  stm32l4xx_hal_msp.o [1]
                            - 0x2000'06ac   0x69c

"P2-P3", part 3 of 3:                       0x400
  CSTACK                      0x2000'06b0   0x400  <Block>
    CSTACK           uninit   0x2000'06b0   0x400  <Block tail>
                            - 0x2000'0ab0   0x400

Unused ranges:

         From           To      Size
         ----           --      ----
   0x800'2e00   0x80f'ffff  0xf'd200
  0x2000'06ac  0x2000'06af       0x4
  0x2000'0ab0  0x2001'7fff  0x1'7550


*******************************************************************************
*** INIT TABLE
***

          Address      Size
          -------      ----
Zero (__iar_zero_init3)
    1 destination range, total size 0x69c:
          0x2000'0010  0x69c

Copy (__iar_copy_init3)
    1 source range, total size 0x10:
           0x800'2ca4   0x10
    1 destination range, total size 0x10:
          0x2000'0000   0x10



*******************************************************************************
*** MODULE SUMMARY
***

    Module                  ro code  ro data  rw data
    ------                  -------  -------  -------
command line/config:
    -------------------------------------------------
    Total:

F:\New Folder\tp-button\EWARM\tp-button\Obj: [1]
    main.o                    1'312             1'652
    startup_stm32l475xx.o       720
    stm32l4xx_hal.o             166       12       12
    stm32l4xx_hal_cortex.o      196
    stm32l4xx_hal_dfsdm.o       340                36
    stm32l4xx_hal_gpio.o        536
    stm32l4xx_hal_i2c.o         176
    stm32l4xx_hal_i2c_ex.o      126
    stm32l4xx_hal_msp.o         944                 4
    stm32l4xx_hal_pcd.o         220
    stm32l4xx_hal_pcd_ex.o       38
    stm32l4xx_hal_pwr.o          16
    stm32l4xx_hal_pwr_ex.o      152
    stm32l4xx_hal_qspi.o        246
    stm32l4xx_hal_rcc.o       1'772
    stm32l4xx_hal_rcc_ex.o    1'360
    stm32l4xx_hal_spi.o         174
    stm32l4xx_hal_tim.o         268
    stm32l4xx_hal_tim_ex.o      148
    stm32l4xx_hal_uart.o      1'250
    stm32l4xx_it.o               98
    stm32l4xx_ll_usb.o          632
    system_stm32l4xx.o           92       60        4
    -------------------------------------------------
    Total:                   10'982       72    1'708

dl7M_tln.a: [2]
    exit.o                        4
    low_level_init.o              4
    -------------------------------------------------
    Total:                        8

m7M_tls.a: [3]
    fpinit_M.o                   34
    -------------------------------------------------
    Total:                       34

rt7M_tl.a: [4]
    ABImemcpy_small.o            24
    ABImemset.o                 102
    I64DivMod_small.o           262
    I64DivZer.o                   2
    cexit.o                      10
    cmain.o                      30
    copy_init3.o                 46
    cstartup_M.o                 12
    data_init.o                  40
    memset.o                     20
    zero_init3.o                 58
    -------------------------------------------------
    Total:                      606

shb_l.a: [5]
    exit.o                       20
    -------------------------------------------------
    Total:                       20

    Gaps                         16        2
    Linker created                        36    1'024
-----------------------------------------------------
    Grand Total:             11'666      110    2'732


*******************************************************************************
*** ENTRY LIST
***

Entry                       Address   Size  Type      Object
-----                       -------   ----  ----      ------
.iar.init_table$$Base    0x800'2c28          --   Gb  - Linker created -
.iar.init_table$$Limit   0x800'2c4c          --   Gb  - Linker created -
?main                    0x800'2c4d         Code  Gb  cmain.o [4]
AHBPrescTable            0x800'2b9c   0x10  Data  Gb  system_stm32l4xx.o [1]
APBPrescTable            0x800'2cc0    0x8  Data  Gb  system_stm32l4xx.o [1]
BusFault_Handler         0x800'2ae5    0x2  Code  Gb  stm32l4xx_it.o [1]
CSTACK$$Base            0x2000'06b0          --   Gb  - Linker created -
CSTACK$$Limit           0x2000'0ab0          --   Gb  - Linker created -
DFSDM1_Init             0x2000'06a8    0x4  Data  Lc  stm32l4xx_hal_msp.o [1]
DFSDM_GetChannelFromInstance
                         0x800'17e9   0x4a  Code  Lc  stm32l4xx_hal_dfsdm.o [1]
DebugMon_Handler         0x800'2aeb    0x2  Code  Gb  stm32l4xx_it.o [1]
EXTI15_10_IRQHandler     0x800'2b13   0x2e  Code  Gb  stm32l4xx_it.o [1]
EXTI9_5_IRQHandler       0x800'2af3   0x20  Code  Gb  stm32l4xx_it.o [1]
Error_Handler            0x800'148d    0x4  Code  Gb  main.o [1]
HAL_DFSDM_ChannelInit    0x800'1701   0xd8  Code  Gb  stm32l4xx_hal_dfsdm.o [1]
HAL_DFSDM_ChannelMspInit
                         0x800'2333   0x5c  Code  Gb  stm32l4xx_hal_msp.o [1]
HAL_Delay                0x800'22dd   0x28  Code  Wk  stm32l4xx_hal.o [1]
HAL_GPIO_EXTI_Callback   0x800'1419   0x2e  Code  Gb  main.o [1]
HAL_GPIO_EXTI_IRQHandler
                         0x800'16c5   0x10  Code  Gb  stm32l4xx_hal_gpio.o [1]
HAL_GPIO_Init            0x800'14e9  0x1c4  Code  Gb  stm32l4xx_hal_gpio.o [1]
HAL_GPIO_TogglePin       0x800'16b7    0xe  Code  Gb  stm32l4xx_hal_gpio.o [1]
HAL_GPIO_WritePin        0x800'16ad    0xa  Code  Gb  stm32l4xx_hal_gpio.o [1]
HAL_GetTick              0x800'08b9    0xc  Code  Wk  stm32l4xx_hal.o [1]
HAL_I2CEx_ConfigAnalogFilter
                         0x800'1905   0x2a  Code  Gb  stm32l4xx_hal_i2c_ex.o [1]
HAL_I2CEx_ConfigDigitalFilter
                         0x800'192f   0x26  Code  Gb  stm32l4xx_hal_i2c_ex.o [1]
HAL_I2C_Init             0x800'1855   0xa0  Code  Gb  stm32l4xx_hal_i2c.o [1]
HAL_I2C_MspInit          0x800'238f   0x6e  Code  Gb  stm32l4xx_hal_msp.o [1]
HAL_IncTick              0x800'2b41   0x10  Code  Wk  stm32l4xx_hal.o [1]
HAL_Init                 0x800'1491   0x1e  Code  Gb  stm32l4xx_hal.o [1]
HAL_InitTick             0x800'0875   0x44  Code  Wk  stm32l4xx_hal.o [1]
HAL_MspInit              0x800'2305   0x2e  Code  Gb  stm32l4xx_hal_msp.o [1]
HAL_NVIC_EnableIRQ       0x800'09cb   0x16  Code  Gb  stm32l4xx_hal_cortex.o [1]
HAL_NVIC_SetPriority     0x800'0991   0x3a  Code  Gb  stm32l4xx_hal_cortex.o [1]
HAL_NVIC_SetPriorityGrouping
                         0x800'0977   0x1a  Code  Gb  stm32l4xx_hal_cortex.o [1]
HAL_PCDEx_ActivateLPM    0x800'292d   0x26  Code  Gb  stm32l4xx_hal_pcd_ex.o [1]
HAL_PCD_Init             0x800'1cf9   0xc4  Code  Gb  stm32l4xx_hal_pcd.o [1]
HAL_PCD_MspInit          0x800'25af   0xbc  Code  Gb  stm32l4xx_hal_msp.o [1]
HAL_PWREx_ControlVoltageScaling
                         0x800'08d1   0x5c  Code  Gb  stm32l4xx_hal_pwr_ex.o [1]
HAL_PWREx_EnableVddUSB   0x800'092d    0x6  Code  Gb  stm32l4xx_hal_pwr_ex.o [1]
HAL_PWREx_GetVoltageRange
                         0x800'08c5    0xc  Code  Gb  stm32l4xx_hal_pwr_ex.o [1]
HAL_PWR_EnableBkUpAccess
                         0x800'22cd    0xc  Code  Gb  stm32l4xx_hal_pwr.o [1]
HAL_QSPI_Init            0x800'19b1   0x96  Code  Gb  stm32l4xx_hal_qspi.o [1]
HAL_QSPI_MspInit         0x800'23fd   0x38  Code  Gb  stm32l4xx_hal_msp.o [1]
HAL_RCCEx_EnableMSIPLLMode
                         0x800'0d59    0xc  Code  Gb  stm32l4xx_hal_rcc_ex.o [1]
HAL_RCCEx_PeriphCLKConfig
                         0x800'0a21  0x31e  Code  Gb  stm32l4xx_hal_rcc_ex.o [1]
HAL_RCC_ClockConfig      0x800'05f3  0x100  Code  Gb  stm32l4xx_hal_rcc.o [1]
HAL_RCC_GetPCLK1Freq     0x800'0799   0x10  Code  Gb  stm32l4xx_hal_rcc.o [1]
HAL_RCC_GetPCLK2Freq     0x800'07a9    0xe  Code  Gb  stm32l4xx_hal_rcc.o [1]
HAL_RCC_GetSysClockFreq
                         0x800'0707   0x92  Code  Gb  stm32l4xx_hal_rcc.o [1]
HAL_RCC_OscConfig        0x800'0189  0x43e  Code  Gb  stm32l4xx_hal_rcc.o [1]
HAL_SPI_Init             0x800'1aa9   0xa2  Code  Gb  stm32l4xx_hal_spi.o [1]
HAL_SPI_MspInit          0x800'2471   0x52  Code  Gb  stm32l4xx_hal_msp.o [1]
HAL_SYSTICK_Config       0x800'09e1   0x28  Code  Gb  stm32l4xx_hal_cortex.o [1]
HAL_TIMEx_MasterConfigSynchronization
                         0x800'1c65   0x7a  Code  Gb  stm32l4xx_hal_tim_ex.o [1]
HAL_TIM_Base_Init        0x800'1b59   0x1a  Code  Gb  stm32l4xx_hal_tim.o [1]
HAL_TIM_Base_MspInit     0x800'24c3   0x22  Code  Gb  stm32l4xx_hal_msp.o [1]
HAL_UART_Init            0x800'1dd5   0x30  Code  Gb  stm32l4xx_hal_uart.o [1]
HAL_UART_MspInit         0x800'24e5   0xba  Code  Gb  stm32l4xx_hal_msp.o [1]
HardFault_Handler        0x800'2ae1    0x2  Code  Gb  stm32l4xx_it.o [1]
MSIRangeTable            0x800'2bac   0x30  Data  Gb  system_stm32l4xx.o [1]
MemManage_Handler        0x800'2ae3    0x2  Code  Gb  stm32l4xx_it.o [1]
NMI_Handler              0x800'2adf    0x2  Code  Gb  stm32l4xx_it.o [1]
PendSV_Handler           0x800'2aed    0x2  Code  Gb  stm32l4xx_it.o [1]
QSPI_WaitFlagStateUntilTimeout
                         0x800'1a5d   0x4a  Code  Lc  stm32l4xx_hal_qspi.o [1]
RCCEx_PLLSAI1_Config     0x800'0d65   0xe6  Code  Lc  stm32l4xx_hal_rcc_ex.o [1]
RCCEx_PLLSAI2_Config     0x800'0e51   0xce  Code  Lc  stm32l4xx_hal_rcc_ex.o [1]
RCC_SetFlashLatencyFromMSIRange
                         0x800'07c1   0x74  Code  Lc  stm32l4xx_hal_rcc.o [1]
Region$$Table$$Base      0x800'2c28          --   Gb  - Linker created -
Region$$Table$$Limit     0x800'2c4c          --   Gb  - Linker created -
SVC_Handler              0x800'2ae9    0x2  Code  Gb  stm32l4xx_it.o [1]
SysTick_Handler          0x800'2aef    0x4  Code  Gb  stm32l4xx_it.o [1]
SystemClock_Config       0x800'1389   0x86  Code  Gb  main.o [1]
SystemCoreClock         0x2000'000c    0x4  Data  Gb  system_stm32l4xx.o [1]
SystemInit               0x800'2b51   0x3c  Code  Gb  system_stm32l4xx.o [1]
TIM_Base_SetConfig       0x800'1b97   0xac  Code  Gb  stm32l4xx_hal_tim.o [1]
UART_AdvFeatureConfig    0x800'2109   0xc6  Code  Gb  stm32l4xx_hal_uart.o [1]
UART_CheckIdleState      0x800'21cf   0x5a  Code  Gb  stm32l4xx_hal_uart.o [1]
UART_SetConfig           0x800'1e55  0x276  Code  Gb  stm32l4xx_hal_uart.o [1]
UART_WaitOnFlagUntilTimeout
                         0x800'2229   0x78  Code  Gb  stm32l4xx_hal_uart.o [1]
USB_CoreInit             0x800'26b5   0x62  Code  Gb  stm32l4xx_ll_usb.o [1]
USB_CoreReset            0x800'28f5   0x2a  Code  Lc  stm32l4xx_ll_usb.o [1]
USB_DevDisconnect        0x800'28dd    0xc  Code  Gb  stm32l4xx_ll_usb.o [1]
USB_DevInit              0x800'274b  0x14a  Code  Gb  stm32l4xx_ll_usb.o [1]
USB_DisableGlobalInt     0x800'2717    0x6  Code  Gb  stm32l4xx_ll_usb.o [1]
USB_FlushRxFifo          0x800'28b3   0x1a  Code  Gb  stm32l4xx_ll_usb.o [1]
USB_FlushTxFifo          0x800'2895   0x1e  Code  Gb  stm32l4xx_ll_usb.o [1]
USB_SetCurrentMode       0x800'2723   0x28  Code  Gb  stm32l4xx_ll_usb.o [1]
USB_SetDevSpeed          0x800'28cd    0xa  Code  Gb  stm32l4xx_ll_usb.o [1]
UsageFault_Handler       0x800'2ae7    0x2  Code  Gb  stm32l4xx_it.o [1]
__NVIC_SetPriority       0x800'095d   0x1a  Code  Lc  stm32l4xx_hal_cortex.o [1]
__aeabi_ldiv0            0x800'2add         Code  Gb  I64DivZer.o [4]
__aeabi_memset           0x800'2a75         Code  Gb  ABImemset.o [4]
__cmain                  0x800'2c4d         Code  Gb  cmain.o [4]
__exit                   0x800'2c81   0x14  Code  Gb  exit.o [5]
__iar_Memset             0x800'2a75         Code  Gb  ABImemset.o [4]
__iar_Memset_word        0x800'2a7d         Code  Gb  ABImemset.o [4]
__iar_copy_init3         0x800'1983   0x2e  Code  Gb  copy_init3.o [4]
__iar_data_init3         0x800'2bdd   0x28  Code  Gb  data_init.o [4]
__iar_init_vfp           0x800'2c05         Code  Gb  fpinit_M.o [3]
__iar_program_start      0x800'2cb5         Code  Gb  cstartup_M.o [4]
__iar_small_Memcpy       0x800'2959         Code  Gb  ABImemcpy_small.o [4]
__iar_small_memcpy       0x800'2955         Code  Gb  ABImemcpy_small.o [4]
__iar_small_memcpy4      0x800'2955         Code  Gb  ABImemcpy_small.o [4]
__iar_small_memcpy8      0x800'2955         Code  Gb  ABImemcpy_small.o [4]
__iar_small_uldivmod     0x800'296d         Code  Gb  I64DivMod_small.o [4]
__iar_zero_init3         0x800'14af   0x3a  Code  Gb  zero_init3.o [4]
__low_level_init         0x800'2c6b    0x4  Code  Gb  low_level_init.o [2]
__vector_table           0x800'0000         Data  Gb  startup_stm32l475xx.o [1]
_call_main               0x800'2c59         Code  Gb  cmain.o [4]
_exit                    0x800'2c75         Code  Gb  cexit.o [4]
_main                    0x800'2c67         Code  Gb  cmain.o [4]
a_dfsdm1ChannelHandle   0x2000'0688   0x20  Data  Lc  stm32l4xx_hal_dfsdm.o [1]
exit                     0x800'2c6f    0x4  Code  Gb  exit.o [2]
hdfsdm1_channel1        0x2000'0010   0x38  Data  Gb  main.o [1]
hi2c2                   0x2000'05b4   0x4c  Data  Gb  main.o [1]
hpcd_USB_OTG_FS         0x2000'00ac  0x408  Data  Gb  main.o [1]
hqspi                   0x2000'0600   0x44  Data  Gb  main.o [1]
hspi3                   0x2000'0048   0x64  Data  Gb  main.o [1]
htim6                   0x2000'0644   0x40  Data  Gb  main.o [1]
huart1                  0x2000'04b4   0x80  Data  Gb  main.o [1]
huart3                  0x2000'0534   0x80  Data  Gb  main.o [1]
main                     0x800'0f71  0x3a8  Code  Gb  main.o [1]
memset                   0x800'22b7   0x14  Code  Gb  memset.o [4]
uwTick                  0x2000'0000    0x4  Data  Gb  stm32l4xx_hal.o [1]
uwTickFreq              0x2000'0008    0x4  Data  Gb  stm32l4xx_hal.o [1]
uwTickPrio              0x2000'0004    0x4  Data  Gb  stm32l4xx_hal.o [1]
v_dfsdm1ChannelCounter  0x2000'0684    0x4  Data  Lc  stm32l4xx_hal_dfsdm.o [1]


[1] = F:\New Folder\tp-button\EWARM\tp-button\Obj
[2] = dl7M_tln.a
[3] = m7M_tls.a
[4] = rt7M_tl.a
[5] = shb_l.a

  11'666 bytes of readonly  code memory
     110 bytes of readonly  data memory
   2'732 bytes of readwrite data memory

Errors: none
Warnings: none
